[36mvite v5.4.21 [32mbuilding for production...[36m[39m
transforming...
[32mÔťô[39m 2 modules transformed.
node.exe : [31mx[39m Build
 failed in 763ms
At C:\Program Files\nodejs\n
px.ps1:29 char:3
+   & $NODE_EXE $NPX_CLI_JS 
$args
+   ~~~~~~~~~~~~~~~~~~~~~~~~
~~~~~
    + CategoryInfo          
    : NotSpecified: ([31m  
  x[39m Build failed in    
 763ms:String) [], Remot    
eException
    + FullyQualifiedErrorId 
    : NativeCommandError
 
[31merror during build:
[31m[vite:css] [postcss] It
 looks like you're trying to
 use `tailwindcss` directly 
as a PostCSS plugin. The Pos
tCSS plugin has moved to a s
eparate package, so to conti
nue using Tailwind CSS with 
PostCSS you'll need to insta
ll `@tailwindcss/postcss` an
d update your PostCSS config
uration.[31m
file: [36mC:/Dev/React_Prom
ptGalleryApp/app/index.html?
html-proxy&inline-css&index=
0.css:undefined:NaN[31m
    at lt (C:\Dev\React_Prom
ptGalleryApp\app\node_module
s\tailwindcss\dist\lib.js:38
:1643)
    at LazyResult.runOnRoot 
(C:\Dev\React_PromptGalleryA
pp\app\node_modules\postcss\
lib\lazy-result.js:361:16)
    at LazyResult.runAsync (
C:\Dev\React_PromptGalleryAp
p\app\node_modules\postcss\l
ib\lazy-result.js:290:26)
    at LazyResult.async (C:\
Dev\React_PromptGalleryApp\a
pp\node_modules\postcss\lib\
lazy-result.js:192:30)
    at LazyResult.then (C:\D
ev\React_PromptGalleryApp\ap
p\node_modules\postcss\lib\l
azy-result.js:436:17)[39m
